/home/parallels/ros2_ws/src/boat_simulator/install/boat_simulator/lib/python3.10/site-packages/boat_simulator/teleop_node.py
/home/parallels/ros2_ws/src/boat_simulator/install/boat_simulator/lib/python3.10/site-packages/boat_simulator/boat_sim_node.py
/home/parallels/ros2_ws/src/boat_simulator/install/boat_simulator/lib/python3.10/site-packages/boat_simulator/__init__.py
/home/parallels/ros2_ws/src/boat_simulator/install/boat_simulator/lib/python3.10/site-packages/boat_simulator/gate_detector_node.py
/home/parallels/ros2_ws/src/boat_simulator/install/boat_simulator/lib/python3.10/site-packages/boat_simulator/__pycache__/teleop_node.cpython-310.pyc
/home/parallels/ros2_ws/src/boat_simulator/install/boat_simulator/lib/python3.10/site-packages/boat_simulator/__pycache__/boat_sim_node.cpython-310.pyc
/home/parallels/ros2_ws/src/boat_simulator/install/boat_simulator/lib/python3.10/site-packages/boat_simulator/__pycache__/__init__.cpython-310.pyc
/home/parallels/ros2_ws/src/boat_simulator/install/boat_simulator/lib/python3.10/site-packages/boat_simulator/__pycache__/gate_detector_node.cpython-310.pyc
/home/parallels/ros2_ws/src/boat_simulator/install/boat_simulator/share/ament_index/resource_index/packages/boat_simulator
/home/parallels/ros2_ws/src/boat_simulator/install/boat_simulator/share/boat_simulator/package.xml
/home/parallels/ros2_ws/src/boat_simulator/install/boat_simulator/share/boat_simulator/launch/boat_sim.launch.py
/home/parallels/ros2_ws/src/boat_simulator/install/boat_simulator/share/boat_simulator/launch/gazebo.launch.py
/home/parallels/ros2_ws/src/boat_simulator/install/boat_simulator/share/boat_simulator/description/boat.urdf
/home/parallels/ros2_ws/src/boat_simulator/install/boat_simulator/share/boat_simulator/rviz/boat_sim.rviz
/home/parallels/ros2_ws/src/boat_simulator/install/boat_simulator/share/boat_simulator/worlds/gate.world
/home/parallels/ros2_ws/src/boat_simulator/install/boat_simulator/lib/python3.10/site-packages/boat_simulator-0.0.0-py3.10.egg-info/top_level.txt
/home/parallels/ros2_ws/src/boat_simulator/install/boat_simulator/lib/python3.10/site-packages/boat_simulator-0.0.0-py3.10.egg-info/requires.txt
/home/parallels/ros2_ws/src/boat_simulator/install/boat_simulator/lib/python3.10/site-packages/boat_simulator-0.0.0-py3.10.egg-info/SOURCES.txt
/home/parallels/ros2_ws/src/boat_simulator/install/boat_simulator/lib/python3.10/site-packages/boat_simulator-0.0.0-py3.10.egg-info/PKG-INFO
/home/parallels/ros2_ws/src/boat_simulator/install/boat_simulator/lib/python3.10/site-packages/boat_simulator-0.0.0-py3.10.egg-info/entry_points.txt
/home/parallels/ros2_ws/src/boat_simulator/install/boat_simulator/lib/python3.10/site-packages/boat_simulator-0.0.0-py3.10.egg-info/dependency_links.txt
/home/parallels/ros2_ws/src/boat_simulator/install/boat_simulator/lib/python3.10/site-packages/boat_simulator-0.0.0-py3.10.egg-info/zip-safe
/home/parallels/ros2_ws/src/boat_simulator/install/boat_simulator/lib/boat_simulator/detector
/home/parallels/ros2_ws/src/boat_simulator/install/boat_simulator/lib/boat_simulator/simulator
/home/parallels/ros2_ws/src/boat_simulator/install/boat_simulator/lib/boat_simulator/teleop
