[0.448s] Invoking command in '/home/parallels/ros2_ws/src/boat_simulator': PYTHONPATH=/home/parallels/ros2_ws/src/boat_simulator/build/boat_simulator/prefix_override:/usr/lib/python3/dist-packages/colcon_core/task/python/colcon_distutils_commands:/home/parallels/ros2_ws/src/boat_simulator/install/boat_simulator/lib/python3.10/site-packages:${PYTHONPATH} /usr/bin/python3 -W ignore:setup.py install is deprecated -W ignore:easy_install command is deprecated setup.py egg_info --egg-base build/boat_simulator build --build-base /home/parallels/ros2_ws/src/boat_simulator/build/boat_simulator/build install --record /home/parallels/ros2_ws/src/boat_simulator/build/boat_simulator/install.log --single-version-externally-managed install_data
[0.633s] running egg_info
[0.633s] creating build/boat_simulator/boat_simulator.egg-info
[0.633s] writing build/boat_simulator/boat_simulator.egg-info/PKG-INFO
[0.633s] writing dependency_links to build/boat_simulator/boat_simulator.egg-info/dependency_links.txt
[0.634s] writing entry points to build/boat_simulator/boat_simulator.egg-info/entry_points.txt
[0.634s] writing requirements to build/boat_simulator/boat_simulator.egg-info/requires.txt
[0.634s] writing top-level names to build/boat_simulator/boat_simulator.egg-info/top_level.txt
[0.634s] writing manifest file 'build/boat_simulator/boat_simulator.egg-info/SOURCES.txt'
[0.635s] reading manifest file 'build/boat_simulator/boat_simulator.egg-info/SOURCES.txt'
[0.636s] writing manifest file 'build/boat_simulator/boat_simulator.egg-info/SOURCES.txt'
[0.636s] running build
[0.636s] running build_py
[0.636s] creating /home/parallels/ros2_ws/src/boat_simulator/build/boat_simulator/build
[0.636s] creating /home/parallels/ros2_ws/src/boat_simulator/build/boat_simulator/build/lib
[0.637s] creating /home/parallels/ros2_ws/src/boat_simulator/build/boat_simulator/build/lib/boat_simulator
[0.637s] copying boat_simulator/teleop_node.py -> /home/parallels/ros2_ws/src/boat_simulator/build/boat_simulator/build/lib/boat_simulator
[0.637s] copying boat_simulator/boat_sim_node.py -> /home/parallels/ros2_ws/src/boat_simulator/build/boat_simulator/build/lib/boat_simulator
[0.637s] copying boat_simulator/__init__.py -> /home/parallels/ros2_ws/src/boat_simulator/build/boat_simulator/build/lib/boat_simulator
[0.637s] copying boat_simulator/gate_detector_node.py -> /home/parallels/ros2_ws/src/boat_simulator/build/boat_simulator/build/lib/boat_simulator
[0.637s] running install
[0.637s] running install_lib
[0.638s] creating /home/parallels/ros2_ws/src/boat_simulator/install/boat_simulator/lib/python3.10/site-packages/boat_simulator
[0.638s] copying /home/parallels/ros2_ws/src/boat_simulator/build/boat_simulator/build/lib/boat_simulator/teleop_node.py -> /home/parallels/ros2_ws/src/boat_simulator/install/boat_simulator/lib/python3.10/site-packages/boat_simulator
[0.638s] copying /home/parallels/ros2_ws/src/boat_simulator/build/boat_simulator/build/lib/boat_simulator/boat_sim_node.py -> /home/parallels/ros2_ws/src/boat_simulator/install/boat_simulator/lib/python3.10/site-packages/boat_simulator
[0.638s] copying /home/parallels/ros2_ws/src/boat_simulator/build/boat_simulator/build/lib/boat_simulator/__init__.py -> /home/parallels/ros2_ws/src/boat_simulator/install/boat_simulator/lib/python3.10/site-packages/boat_simulator
[0.638s] copying /home/parallels/ros2_ws/src/boat_simulator/build/boat_simulator/build/lib/boat_simulator/gate_detector_node.py -> /home/parallels/ros2_ws/src/boat_simulator/install/boat_simulator/lib/python3.10/site-packages/boat_simulator
[0.639s] byte-compiling /home/parallels/ros2_ws/src/boat_simulator/install/boat_simulator/lib/python3.10/site-packages/boat_simulator/teleop_node.py to teleop_node.cpython-310.pyc
[0.639s] byte-compiling /home/parallels/ros2_ws/src/boat_simulator/install/boat_simulator/lib/python3.10/site-packages/boat_simulator/boat_sim_node.py to boat_sim_node.cpython-310.pyc
[0.640s] byte-compiling /home/parallels/ros2_ws/src/boat_simulator/install/boat_simulator/lib/python3.10/site-packages/boat_simulator/__init__.py to __init__.cpython-310.pyc
[0.640s] byte-compiling /home/parallels/ros2_ws/src/boat_simulator/install/boat_simulator/lib/python3.10/site-packages/boat_simulator/gate_detector_node.py to gate_detector_node.cpython-310.pyc
[0.640s] running install_data
[0.640s] creating /home/parallels/ros2_ws/src/boat_simulator/install/boat_simulator/share/ament_index
[0.641s] creating /home/parallels/ros2_ws/src/boat_simulator/install/boat_simulator/share/ament_index/resource_index
[0.641s] creating /home/parallels/ros2_ws/src/boat_simulator/install/boat_simulator/share/ament_index/resource_index/packages
[0.641s] copying resource/boat_simulator -> /home/parallels/ros2_ws/src/boat_simulator/install/boat_simulator/share/ament_index/resource_index/packages
[0.641s] copying package.xml -> /home/parallels/ros2_ws/src/boat_simulator/install/boat_simulator/share/boat_simulator
[0.641s] creating /home/parallels/ros2_ws/src/boat_simulator/install/boat_simulator/share/boat_simulator/launch
[0.641s] copying launch/boat_sim.launch.py -> /home/parallels/ros2_ws/src/boat_simulator/install/boat_simulator/share/boat_simulator/launch
[0.641s] copying launch/gazebo.launch.py -> /home/parallels/ros2_ws/src/boat_simulator/install/boat_simulator/share/boat_simulator/launch
[0.641s] creating /home/parallels/ros2_ws/src/boat_simulator/install/boat_simulator/share/boat_simulator/description
[0.641s] copying description/boat.urdf -> /home/parallels/ros2_ws/src/boat_simulator/install/boat_simulator/share/boat_simulator/description
[0.641s] creating /home/parallels/ros2_ws/src/boat_simulator/install/boat_simulator/share/boat_simulator/rviz
[0.641s] copying rviz/boat_sim.rviz -> /home/parallels/ros2_ws/src/boat_simulator/install/boat_simulator/share/boat_simulator/rviz
[0.641s] creating /home/parallels/ros2_ws/src/boat_simulator/install/boat_simulator/share/boat_simulator/worlds
[0.642s] copying worlds/gate.world -> /home/parallels/ros2_ws/src/boat_simulator/install/boat_simulator/share/boat_simulator/worlds
[0.642s] running install_egg_info
[0.643s] Copying build/boat_simulator/boat_simulator.egg-info to /home/parallels/ros2_ws/src/boat_simulator/install/boat_simulator/lib/python3.10/site-packages/boat_simulator-0.0.0-py3.10.egg-info
[0.644s] running install_scripts
[0.660s] Installing detector script to /home/parallels/ros2_ws/src/boat_simulator/install/boat_simulator/lib/boat_simulator
[0.660s] Installing simulator script to /home/parallels/ros2_ws/src/boat_simulator/install/boat_simulator/lib/boat_simulator
[0.660s] Installing teleop script to /home/parallels/ros2_ws/src/boat_simulator/install/boat_simulator/lib/boat_simulator
[0.660s] writing list of installed files to '/home/parallels/ros2_ws/src/boat_simulator/build/boat_simulator/install.log'
[0.678s] Invoked command in '/home/parallels/ros2_ws/src/boat_simulator' returned '0': PYTHONPATH=/home/parallels/ros2_ws/src/boat_simulator/build/boat_simulator/prefix_override:/usr/lib/python3/dist-packages/colcon_core/task/python/colcon_distutils_commands:/home/parallels/ros2_ws/src/boat_simulator/install/boat_simulator/lib/python3.10/site-packages:${PYTHONPATH} /usr/bin/python3 -W ignore:setup.py install is deprecated -W ignore:easy_install command is deprecated setup.py egg_info --egg-base build/boat_simulator build --build-base /home/parallels/ros2_ws/src/boat_simulator/build/boat_simulator/build install --record /home/parallels/ros2_ws/src/boat_simulator/build/boat_simulator/install.log --single-version-externally-managed install_data
